18:32:09 **** Incremental Build of configuration Debug for project FreeRTOS_Projects ****
make -j20 all 
arm-none-eabi-gcc "../ThirdParty/FreeRTOS/portable/MemMang/heap_4.c" -mcpu=cortex-m4 -std=gnu11 -g3 -DDEBUG -DUSE_HAL_DRIVER -DSTM32F407xx -c -I../Core/Inc -I"C:/Users/Ahmet/Desktop/RTOS/RTOS_workspace/FreeRTOS_Projects/ThirdParty/FreeRTOS" -I"C:/Users/Ahmet/Desktop/RTOS/RTOS_workspace/FreeRTOS_Projects/ThirdParty/FreeRTOS/portable/GCC/ARM_CM4F" -I"C:/Users/Ahmet/Desktop/RTOS/RTOS_workspace/FreeRTOS_Projects/ThirdParty/FreeRTOS/include" -I../Drivers/STM32F4xx_HAL_Driver/Inc -I../Drivers/STM32F4xx_HAL_Driver/Inc/Legacy -I../Drivers/CMSIS/Device/ST/STM32F4xx/Include -I../Drivers/CMSIS/Include -O0 -ffunction-sections -fdata-sections -Wall -fstack-usage -fcyclomatic-complexity -MMD -MP -MF"ThirdParty/FreeRTOS/portable/MemMang/heap_4.d" -MT"ThirdParty/FreeRTOS/portable/MemMang/heap_4.o" --specs=nano.specs -mfpu=fpv4-sp-d16 -mfloat-abi=hard -mthumb -o "ThirdParty/FreeRTOS/portable/MemMang/heap_4.o"
arm-none-eabi-gcc "../ThirdParty/FreeRTOS/portable/GCC/ARM_CM4F/port.c" -mcpu=cortex-m4 -std=gnu11 -g3 -DDEBUG -DUSE_HAL_DRIVER -DSTM32F407xx -c -I../Core/Inc -I"C:/Users/Ahmet/Desktop/RTOS/RTOS_workspace/FreeRTOS_Projects/ThirdParty/FreeRTOS" -I"C:/Users/Ahmet/Desktop/RTOS/RTOS_workspace/FreeRTOS_Projects/ThirdParty/FreeRTOS/portable/GCC/ARM_CM4F" -I"C:/Users/Ahmet/Desktop/RTOS/RTOS_workspace/FreeRTOS_Projects/ThirdParty/FreeRTOS/include" -I../Drivers/STM32F4xx_HAL_Driver/Inc -I../Drivers/STM32F4xx_HAL_Driver/Inc/Legacy -I../Drivers/CMSIS/Device/ST/STM32F4xx/Include -I../Drivers/CMSIS/Include -O0 -ffunction-sections -fdata-sections -Wall -fstack-usage -fcyclomatic-complexity -MMD -MP -MF"ThirdParty/FreeRTOS/portable/GCC/ARM_CM4F/port.d" -MT"ThirdParty/FreeRTOS/portable/GCC/ARM_CM4F/port.o" --specs=nano.specs -mfpu=fpv4-sp-d16 -mfloat-abi=hard -mthumb -o "ThirdParty/FreeRTOS/portable/GCC/ARM_CM4F/port.o"
arm-none-eabi-gcc "../ThirdParty/FreeRTOS/croutine.c" -mcpu=cortex-m4 -std=gnu11 -g3 -DDEBUG -DUSE_HAL_DRIVER -DSTM32F407xx -c -I../Core/Inc -I"C:/Users/Ahmet/Desktop/RTOS/RTOS_workspace/FreeRTOS_Projects/ThirdParty/FreeRTOS" -I"C:/Users/Ahmet/Desktop/RTOS/RTOS_workspace/FreeRTOS_Projects/ThirdParty/FreeRTOS/portable/GCC/ARM_CM4F" -I"C:/Users/Ahmet/Desktop/RTOS/RTOS_workspace/FreeRTOS_Projects/ThirdParty/FreeRTOS/include" -I../Drivers/STM32F4xx_HAL_Driver/Inc -I../Drivers/STM32F4xx_HAL_Driver/Inc/Legacy -I../Drivers/CMSIS/Device/ST/STM32F4xx/Include -I../Drivers/CMSIS/Include -O0 -ffunction-sections -fdata-sections -Wall -fstack-usage -fcyclomatic-complexity -MMD -MP -MF"ThirdParty/FreeRTOS/croutine.d" -MT"ThirdParty/FreeRTOS/croutine.o" --specs=nano.specs -mfpu=fpv4-sp-d16 -mfloat-abi=hard -mthumb -o "ThirdParty/FreeRTOS/croutine.o"
arm-none-eabi-gcc "../ThirdParty/FreeRTOS/event_groups.c" -mcpu=cortex-m4 -std=gnu11 -g3 -DDEBUG -DUSE_HAL_DRIVER -DSTM32F407xx -c -I../Core/Inc -I"C:/Users/Ahmet/Desktop/RTOS/RTOS_workspace/FreeRTOS_Projects/ThirdParty/FreeRTOS" -I"C:/Users/Ahmet/Desktop/RTOS/RTOS_workspace/FreeRTOS_Projects/ThirdParty/FreeRTOS/portable/GCC/ARM_CM4F" -I"C:/Users/Ahmet/Desktop/RTOS/RTOS_workspace/FreeRTOS_Projects/ThirdParty/FreeRTOS/include" -I../Drivers/STM32F4xx_HAL_Driver/Inc -I../Drivers/STM32F4xx_HAL_Driver/Inc/Legacy -I../Drivers/CMSIS/Device/ST/STM32F4xx/Include -I../Drivers/CMSIS/Include -O0 -ffunction-sections -fdata-sections -Wall -fstack-usage -fcyclomatic-complexity -MMD -MP -MF"ThirdParty/FreeRTOS/event_groups.d" -MT"ThirdParty/FreeRTOS/event_groups.o" --specs=nano.specs -mfpu=fpv4-sp-d16 -mfloat-abi=hard -mthumb -o "ThirdParty/FreeRTOS/event_groups.o"
arm-none-eabi-gcc "../ThirdParty/FreeRTOS/list.c" -mcpu=cortex-m4 -std=gnu11 -g3 -DDEBUG -DUSE_HAL_DRIVER -DSTM32F407xx -c -I../Core/Inc -I"C:/Users/Ahmet/Desktop/RTOS/RTOS_workspace/FreeRTOS_Projects/ThirdParty/FreeRTOS" -I"C:/Users/Ahmet/Desktop/RTOS/RTOS_workspace/FreeRTOS_Projects/ThirdParty/FreeRTOS/portable/GCC/ARM_CM4F" -I"C:/Users/Ahmet/Desktop/RTOS/RTOS_workspace/FreeRTOS_Projects/ThirdParty/FreeRTOS/include" -I../Drivers/STM32F4xx_HAL_Driver/Inc -I../Drivers/STM32F4xx_HAL_Driver/Inc/Legacy -I../Drivers/CMSIS/Device/ST/STM32F4xx/Include -I../Drivers/CMSIS/Include -O0 -ffunction-sections -fdata-sections -Wall -fstack-usage -fcyclomatic-complexity -MMD -MP -MF"ThirdParty/FreeRTOS/list.d" -MT"ThirdParty/FreeRTOS/list.o" --specs=nano.specs -mfpu=fpv4-sp-d16 -mfloat-abi=hard -mthumb -o "ThirdParty/FreeRTOS/list.o"
arm-none-eabi-gcc "../ThirdParty/FreeRTOS/queue.c" -mcpu=cortex-m4 -std=gnu11 -g3 -DDEBUG -DUSE_HAL_DRIVER -DSTM32F407xx -c -I../Core/Inc -I"C:/Users/Ahmet/Desktop/RTOS/RTOS_workspace/FreeRTOS_Projects/ThirdParty/FreeRTOS" -I"C:/Users/Ahmet/Desktop/RTOS/RTOS_workspace/FreeRTOS_Projects/ThirdParty/FreeRTOS/portable/GCC/ARM_CM4F" -I"C:/Users/Ahmet/Desktop/RTOS/RTOS_workspace/FreeRTOS_Projects/ThirdParty/FreeRTOS/include" -I../Drivers/STM32F4xx_HAL_Driver/Inc -I../Drivers/STM32F4xx_HAL_Driver/Inc/Legacy -I../Drivers/CMSIS/Device/ST/STM32F4xx/Include -I../Drivers/CMSIS/Include -O0 -ffunction-sections -fdata-sections -Wall -fstack-usage -fcyclomatic-complexity -MMD -MP -MF"ThirdParty/FreeRTOS/queue.d" -MT"ThirdParty/FreeRTOS/queue.o" --specs=nano.specs -mfpu=fpv4-sp-d16 -mfloat-abi=hard -mthumb -o "ThirdParty/FreeRTOS/queue.o"
arm-none-eabi-gcc "../ThirdParty/FreeRTOS/stream_buffer.c" -mcpu=cortex-m4 -std=gnu11 -g3 -DDEBUG -DUSE_HAL_DRIVER -DSTM32F407xx -c -I../Core/Inc -I"C:/Users/Ahmet/Desktop/RTOS/RTOS_workspace/FreeRTOS_Projects/ThirdParty/FreeRTOS" -I"C:/Users/Ahmet/Desktop/RTOS/RTOS_workspace/FreeRTOS_Projects/ThirdParty/FreeRTOS/portable/GCC/ARM_CM4F" -I"C:/Users/Ahmet/Desktop/RTOS/RTOS_workspace/FreeRTOS_Projects/ThirdParty/FreeRTOS/include" -I../Drivers/STM32F4xx_HAL_Driver/Inc -I../Drivers/STM32F4xx_HAL_Driver/Inc/Legacy -I../Drivers/CMSIS/Device/ST/STM32F4xx/Include -I../Drivers/CMSIS/Include -O0 -ffunction-sections -fdata-sections -Wall -fstack-usage -fcyclomatic-complexity -MMD -MP -MF"ThirdParty/FreeRTOS/stream_buffer.d" -MT"ThirdParty/FreeRTOS/stream_buffer.o" --specs=nano.specs -mfpu=fpv4-sp-d16 -mfloat-abi=hard -mthumb -o "ThirdParty/FreeRTOS/stream_buffer.o"
arm-none-eabi-gcc "../ThirdParty/FreeRTOS/tasks.c" -mcpu=cortex-m4 -std=gnu11 -g3 -DDEBUG -DUSE_HAL_DRIVER -DSTM32F407xx -c -I../Core/Inc -I"C:/Users/Ahmet/Desktop/RTOS/RTOS_workspace/FreeRTOS_Projects/ThirdParty/FreeRTOS" -I"C:/Users/Ahmet/Desktop/RTOS/RTOS_workspace/FreeRTOS_Projects/ThirdParty/FreeRTOS/portable/GCC/ARM_CM4F" -I"C:/Users/Ahmet/Desktop/RTOS/RTOS_workspace/FreeRTOS_Projects/ThirdParty/FreeRTOS/include" -I../Drivers/STM32F4xx_HAL_Driver/Inc -I../Drivers/STM32F4xx_HAL_Driver/Inc/Legacy -I../Drivers/CMSIS/Device/ST/STM32F4xx/Include -I../Drivers/CMSIS/Include -O0 -ffunction-sections -fdata-sections -Wall -fstack-usage -fcyclomatic-complexity -MMD -MP -MF"ThirdParty/FreeRTOS/tasks.d" -MT"ThirdParty/FreeRTOS/tasks.o" --specs=nano.specs -mfpu=fpv4-sp-d16 -mfloat-abi=hard -mthumb -o "ThirdParty/FreeRTOS/tasks.o"
arm-none-eabi-gcc "../ThirdParty/FreeRTOS/timers.c" -mcpu=cortex-m4 -std=gnu11 -g3 -DDEBUG -DUSE_HAL_DRIVER -DSTM32F407xx -c -I../Core/Inc -I"C:/Users/Ahmet/Desktop/RTOS/RTOS_workspace/FreeRTOS_Projects/ThirdParty/FreeRTOS" -I"C:/Users/Ahmet/Desktop/RTOS/RTOS_workspace/FreeRTOS_Projects/ThirdParty/FreeRTOS/portable/GCC/ARM_CM4F" -I"C:/Users/Ahmet/Desktop/RTOS/RTOS_workspace/FreeRTOS_Projects/ThirdParty/FreeRTOS/include" -I../Drivers/STM32F4xx_HAL_Driver/Inc -I../Drivers/STM32F4xx_HAL_Driver/Inc/Legacy -I../Drivers/CMSIS/Device/ST/STM32F4xx/Include -I../Drivers/CMSIS/Include -O0 -ffunction-sections -fdata-sections -Wall -fstack-usage -fcyclomatic-complexity -MMD -MP -MF"ThirdParty/FreeRTOS/timers.d" -MT"ThirdParty/FreeRTOS/timers.o" --specs=nano.specs -mfpu=fpv4-sp-d16 -mfloat-abi=hard -mthumb -o "ThirdParty/FreeRTOS/timers.o"
arm-none-eabi-gcc -o "FreeRTOS_Projects.elf" @"objects.list"   -mcpu=cortex-m4 -T"C:\Users\Ahmet\Desktop\RTOS\RTOS_workspace\FreeRTOS_Projects\STM32F407VGTX_FLASH.ld" --specs=nosys.specs -Wl,-Map="FreeRTOS_Projects.map" -Wl,--gc-sections -static --specs=nano.specs -mfpu=fpv4-sp-d16 -mfloat-abi=hard -mthumb -Wl,--start-group -lc -lm -Wl,--end-group
Finished building target: FreeRTOS_Projects.elf
 
arm-none-eabi-size  FreeRTOS_Projects.elf 
arm-none-eabi-objdump -h -S FreeRTOS_Projects.elf  > "FreeRTOS_Projects.list"
   text	   data	    bss	    dec	    hex	filename
   7348	     12	   1708	   9068	   236c	FreeRTOS_Projects.elf
Finished building: default.size.stdout
 
Finished building: FreeRTOS_Projects.list
 

18:32:10 Build Finished. 0 errors, 0 warnings. (took 805ms)

