17:08:55 **** Incremental Build of configuration Debug for project seri_haberlesme_v1 ****
make -j20 all 
arm-none-eabi-gcc "../Core/Src/main.c" -mcpu=cortex-m3 -std=gnu11 -g3 -DDEBUG -DUSE_HAL_DRIVER -DSTM32F103xB -c -I../Core/Inc -I../Drivers/STM32F1xx_HAL_Driver/Inc -I../Drivers/STM32F1xx_HAL_Driver/Inc/Legacy -I../Drivers/CMSIS/Device/ST/STM32F1xx/Include -I../Drivers/CMSIS/Include -O0 -ffunction-sections -fdata-sections -Wall -fstack-usage -fcyclomatic-complexity -MMD -MP -MF"Core/Src/main.d" -MT"Core/Src/main.o" --specs=nano.specs -mfloat-abi=soft -mthumb -o "Core/Src/main.o"
arm-none-eabi-gcc -o "seri_haberlesme_v1.elf" @"objects.list"   -mcpu=cortex-m3 -T"C:\Users\Ahmet\Desktop\RTOS\RTOS_workspace\seri_haberlesme_v1\STM32F103RBTX_FLASH.ld" --specs=nosys.specs -Wl,-Map="seri_haberlesme_v1.map" -Wl,--gc-sections -static --specs=nano.specs -mfloat-abi=soft -mthumb -Wl,--start-group -lc -lm -Wl,--end-group
Finished building target: seri_haberlesme_v1.elf
 
arm-none-eabi-size  seri_haberlesme_v1.elf 
arm-none-eabi-objdump -h -S seri_haberlesme_v1.elf  > "seri_haberlesme_v1.list"
   text	   data	    bss	    dec	    hex	filename
   5704	     12	   1644	   7360	   1cc0	seri_haberlesme_v1.elf
Finished building: default.size.stdout
 
Finished building: seri_haberlesme_v1.list
 
17:09:04 **** Incremental Build of configuration Debug for project seri_haberlesme_v1 ****
make -j20 all 
arm-none-eabi-size  seri_haberlesme_v1.elf 
   text	   data	    bss	    dec	    hex	filename
   5704	     12	   1644	   7360	   1cc0	seri_haberlesme_v1.elf
Finished building: default.size.stdout
 
